[     101ms] [ERROR] Failed to load resource: the server responded with a status of 404 (Not Found) @ http://localhost:3000/fr/login:0
[     154ms] [ERROR] Failed to load resource: the server responded with a status of 404 (Not Found) @ http://localhost:3000/fr/login:0
[    1207ms] [ERROR] Failed to load resource: the server responded with a status of 404 (Not Found) @ http://localhost:3000/fr/login:0
[    2253ms] [ERROR] Failed to load resource: the server responded with a status of 404 (Not Found) @ http://localhost:3000/fr/login:0
[    3297ms] [ERROR] Failed to load resource: the server responded with a status of 404 (Not Found) @ http://localhost:3000/fr/login:0
[    4344ms] [ERROR] Failed to load resource: the server responded with a status of 404 (Not Found) @ http://localhost:3000/fr/login:0
[    5389ms] [ERROR] Failed to load resource: the server responded with a status of 404 (Not Found) @ http://localhost:3000/fr/login:0
[    6431ms] [ERROR] Failed to load resource: the server responded with a status of 404 (Not Found) @ http://localhost:3000/fr/login:0
[    7497ms] [ERROR] Failed to load resource: the server responded with a status of 404 (Not Found) @ http://localhost:3000/fr/login:0
[    8543ms] [ERROR] Failed to load resource: the server responded with a status of 404 (Not Found) @ http://localhost:3000/fr/login:0
[    9580ms] [ERROR] Failed to load resource: the server responded with a status of 404 (Not Found) @ http://localhost:3000/fr/login:0
[   10619ms] [ERROR] Failed to load resource: the server responded with a status of 404 (Not Found) @ http://localhost:3000/fr/login:0
[   11664ms] [ERROR] Failed to load resource: the server responded with a status of 404 (Not Found) @ http://localhost:3000/fr/login:0
[   12731ms] [ERROR] Failed to load resource: the server responded with a status of 404 (Not Found) @ http://localhost:3000/fr/login:0
[   13778ms] [ERROR] Failed to load resource: the server responded with a status of 404 (Not Found) @ http://localhost:3000/fr/login:0
[   14803ms] [ERROR] Failed to load resource: the server responded with a status of 404 (Not Found) @ http://localhost:3000/fr/login:0
[   15850ms] [ERROR] Failed to load resource: the server responded with a status of 404 (Not Found) @ http://localhost:3000/fr/login:0
[   16883ms] [ERROR] Failed to load resource: the server responded with a status of 404 (Not Found) @ http://localhost:3000/fr/login:0
[   17918ms] [ERROR] Failed to load resource: the server responded with a status of 404 (Not Found) @ http://localhost:3000/fr/login:0
[   18795ms] [ERROR] Failed to load resource: the server responded with a status of 404 (Not Found) @ http://localhost:3000/fr/login:0
[   18800ms] [ERROR] Failed to load resource: the server responded with a status of 404 (Not Found) @ http://localhost:3000/favicon.ico:0
[   18819ms] [ERROR] Failed to load resource: the server responded with a status of 404 (Not Found) @ http://localhost:3000/fr/login:0
[   19864ms] [ERROR] Failed to load resource: the server responded with a status of 404 (Not Found) @ http://localhost:3000/fr/login:0
[   20907ms] [ERROR] Failed to load resource: the server responded with a status of 404 (Not Found) @ http://localhost:3000/fr/login:0
[   21998ms] [ERROR] Failed to load resource: the server responded with a status of 404 (Not Found) @ http://localhost:3000/fr/login:0
[   23036ms] [ERROR] Failed to load resource: the server responded with a status of 404 (Not Found) @ http://localhost:3000/fr/login:0
[   24073ms] [ERROR] Failed to load resource: the server responded with a status of 404 (Not Found) @ http://localhost:3000/fr/login:0
[   25110ms] [ERROR] Failed to load resource: the server responded with a status of 404 (Not Found) @ http://localhost:3000/fr/login:0
[   26132ms] [ERROR] Failed to load resource: the server responded with a status of 404 (Not Found) @ http://localhost:3000/fr/login:0
[   27158ms] [ERROR] Failed to load resource: the server responded with a status of 404 (Not Found) @ http://localhost:3000/fr/login:0
[   28187ms] [ERROR] Failed to load resource: the server responded with a status of 404 (Not Found) @ http://localhost:3000/fr/login:0
[   29215ms] [ERROR] Failed to load resource: the server responded with a status of 404 (Not Found) @ http://localhost:3000/fr/login:0
[   30247ms] [ERROR] Failed to load resource: the server responded with a status of 404 (Not Found) @ http://localhost:3000/fr/login:0
[   31287ms] [ERROR] Failed to load resource: the server responded with a status of 404 (Not Found) @ http://localhost:3000/fr/login:0
[   32320ms] [ERROR] Failed to load resource: the server responded with a status of 404 (Not Found) @ http://localhost:3000/fr/login:0
[   33340ms] [ERROR] Failed to load resource: the server responded with a status of 404 (Not Found) @ http://localhost:3000/fr/login:0
[   34493ms] [ERROR] Failed to load resource: the server responded with a status of 404 (Not Found) @ http://localhost:3000/fr/login:0
[   35636ms] [ERROR] Failed to load resource: the server responded with a status of 404 (Not Found) @ http://localhost:3000/fr/login:0
[   36720ms] [ERROR] Failed to load resource: the server responded with a status of 404 (Not Found) @ http://localhost:3000/fr/login:0
[   37756ms] [ERROR] Failed to load resource: the server responded with a status of 404 (Not Found) @ http://localhost:3000/fr/login:0
[   38784ms] [ERROR] Failed to load resource: the server responded with a status of 404 (Not Found) @ http://localhost:3000/fr/login:0
[   39837ms] [ERROR] Failed to load resource: the server responded with a status of 404 (Not Found) @ http://localhost:3000/fr/login:0
[   41031ms] [ERROR] Failed to load resource: the server responded with a status of 404 (Not Found) @ http://localhost:3000/fr/login:0
[   43352ms] [INFO] %cDownload the React DevTools for a better development experience: https://reactjs.org/link/react-devtools font-weight:bold @ webpack-internal:///(app-pages-browser)/./node_modules/next/dist/compiled/react-dom/cjs/react-dom.development.js:38559
[   43918ms] [ERROR] Failed to load resource: the server responded with a status of 401 (Unauthorized) @ http://localhost:3000/api/presence/heartbeat:0
[   43919ms] [ERROR] Failed to load resource: the server responded with a status of 401 (Unauthorized) @ http://localhost:3000/api/presence/heartbeat:0
[   53773ms] [INFO] %cDownload the React DevTools for a better development experience: https://reactjs.org/link/react-devtools font-weight:bold @ webpack-internal:///(app-pages-browser)/./node_modules/next/dist/compiled/react-dom/cjs/react-dom.development.js:38559
[  123269ms] [LOG] [Fast Refresh] rebuilding @ webpack-internal:///(app-pages-browser)/./node_modules/next/dist/client/components/react-dev-overlay/app/hot-reloader-client.js:186
[  124612ms] [LOG] [Fast Refresh] done in 1343ms @ webpack-internal:///(app-pages-browser)/./node_modules/next/dist/client/components/react-dev-overlay/app/hot-reloader-client.js:43
[  124711ms] [LOG] [Fast Refresh] done in 1442ms @ webpack-internal:///(app-pages-browser)/./node_modules/next/dist/client/components/react-dev-overlay/app/hot-reloader-client.js:43
[  124768ms] [LOG] [Fast Refresh] done in 1500ms @ webpack-internal:///(app-pages-browser)/./node_modules/next/dist/client/components/react-dev-overlay/app/hot-reloader-client.js:43
[  124835ms] [LOG] [Fast Refresh] rebuilding @ webpack-internal:///(app-pages-browser)/./node_modules/next/dist/client/components/react-dev-overlay/app/hot-reloader-client.js:186
[  125830ms] [ERROR] Failed to load resource: the server responded with a status of 404 (Not Found) @ http://localhost:3000/_next/static/webpack/d31e146d7828bd9e.webpack.hot-update.json:0
[  126244ms] [ERROR] Failed to fetch RSC payload for http://localhost:3000/fr/queue. Falling back to browser navigation. TypeError: Failed to fetch
    at fetchServerResponse (webpack-internal:///(app-pages-browser)/./node_modules/next/dist/client/components/router-reducer/fetch-server-response.js:58:27)
    at fastRefreshReducerImpl (webpack-internal:///(app-pages-browser)/./node_modules/next/dist/client/components/router-reducer/reducers/fast-refresh-reducer.js:33:67)
    at clientReducer (webpack-internal:///(app-pages-browser)/./node_modules/next/dist/client/components/router-reducer/router-reducer.js:41:67)
    at Object.action (webpack-internal:///(app-pages-browser)/./node_modules/next/dist/shared/lib/router/action-queue.js:150:55)
    at runAction (webpack-internal:///(app-pages-browser)/./node_modules/next/dist/shared/lib/router/action-queue.js:56:38)
    at dispatchAction (webpack-internal:///(app-pages-browser)/./node_modules/next/dist/shared/lib/router/action-queue.js:113:9)
    at Object.dispatch (webpack-internal:///(app-pages-browser)/./node_modules/next/dist/shared/lib/router/action-queue.js:145:40)
    at eval (webpack-internal:///(app-pages-browser)/./node_modules/next/dist/client/components/use-reducer-with-devtools.js:130:21)
    at eval (webpack-internal:///(app-pages-browser)/./node_modules/next/dist/client/components/app-router.js:304:25)
    at startTransition (webpack-internal:///(app-pages-browser)/./node_modules/next/dist/compiled/react/cjs/react.development.js:2597:25)
    at Object.fastRefresh (webpack-internal:///(app-pages-browser)/./node_modules/next/dist/client/components/app-router.js:303:48)
    at eval (webpack-internal:///(app-pages-browser)/./node_modules/next/dist/client/components/react-dev-overlay/app/hot-reloader-client.js:277:28)
    at startTransition (webpack-internal:///(app-pages-browser)/./node_modules/next/dist/compiled/react/cjs/react.development.js:2597:25)
    at processMessage (webpack-internal:///(app-pages-browser)/./node_modules/next/dist/client/components/react-dev-overlay/app/hot-reloader-client.js:276:44)
    at WebSocket.handler (webpack-internal:///(app-pages-browser)/./node_modules/next/dist/client/components/react-dev-overlay/app/hot-reloader-client.js:395:17) @ webpack-internal:///(app-pages-browser)/./node_modules/next/dist/client/app-index.js:32
[  126506ms] [INFO] %cDownload the React DevTools for a better development experience: https://reactjs.org/link/react-devtools font-weight:bold @ webpack-internal:///(app-pages-browser)/./node_modules/next/dist/compiled/react-dom/cjs/react-dom.development.js:38559
[  138127ms] [LOG] [Fast Refresh] rebuilding @ webpack-internal:///(app-pages-browser)/./node_modules/next/dist/client/components/react-dev-overlay/app/hot-reloader-client.js:186
[  138533ms] [LOG] [Fast Refresh] done in 406ms @ webpack-internal:///(app-pages-browser)/./node_modules/next/dist/client/components/react-dev-overlay/app/hot-reloader-client.js:43
[  150095ms] [INFO] %cDownload the React DevTools for a better development experience: https://reactjs.org/link/react-devtools font-weight:bold @ webpack-internal:///(app-pages-browser)/./node_modules/next/dist/compiled/react-dom/cjs/react-dom.development.js:38559
[  150249ms] [LOG] [Fast Refresh] rebuilding @ webpack-internal:///(app-pages-browser)/./node_modules/next/dist/client/components/react-dev-overlay/app/hot-reloader-client.js:186
[  150427ms] [ERROR] Failed to load resource: the server responded with a status of 404 (Not Found) @ http://localhost:3000/api/notifications:0
[  150428ms] [ERROR] Failed to load resource: the server responded with a status of 404 (Not Found) @ http://localhost:3000/api/agent/leads/queue:0
[  150430ms] [ERROR] Failed to load resource: the server responded with a status of 404 (Not Found) @ http://localhost:3000/api/agent/stats:0
[  150430ms] [ERROR] Failed to load resource: the server responded with a status of 404 (Not Found) @ http://localhost:3000/api/agent/queue:0
[  150431ms] [ERROR] Failed to load resource: the server responded with a status of 404 (Not Found) @ http://localhost:3000/api/agent/settings:0
[  150478ms] [ERROR] Failed to load resource: the server responded with a status of 404 (Not Found) @ http://localhost:3000/_next/static/webpack/2edd2b86c002b3d3.webpack.hot-update.json:0
[  150682ms] [WARNING] WebSocket connection to 'wss://vshynigvgrlihngozuwb.supabase.co/realtime/v1/websocket?apikey=eyJhbGciOiJIUzI1NiIsInR5cCI6IkpXVCJ9.eyJpc3MiOiJzdXBhYmFzZSIsInJlZiI6InZzaHluaWd2Z3JsaWhuZ296dXdiIiwicm9sZSI6ImFub24iLCJpYXQiOjE3NzU4NDc0NDYsImV4cCI6MjA5MTQyMzQ0Nn0.zoV8lLx1c4Nn9gEaaOosMxPXjd75-2cr0HIuzDAlvmc&vsn=2.0.0' failed: WebSocket is closed before the connection is established. @ webpack-internal:///(app-pages-browser)/./node_modules/@supabase/phoenix/priv/static/phoenix.mjs:1554
[  150912ms] [INFO] %cDownload the React DevTools for a better development experience: https://reactjs.org/link/react-devtools font-weight:bold @ webpack-internal:///(app-pages-browser)/./node_modules/next/dist/compiled/react-dom/cjs/react-dom.development.js:38559
[  331072ms] [LOG] [Fast Refresh] rebuilding @ webpack-internal:///(app-pages-browser)/./node_modules/next/dist/client/components/react-dev-overlay/app/hot-reloader-client.js:186
[  331602ms] [LOG] [Fast Refresh] done in 530ms @ webpack-internal:///(app-pages-browser)/./node_modules/next/dist/client/components/react-dev-overlay/app/hot-reloader-client.js:43
[  334874ms] [LOG] [Fast Refresh] rebuilding @ webpack-internal:///(app-pages-browser)/./node_modules/next/dist/client/components/react-dev-overlay/app/hot-reloader-client.js:186
[  334938ms] [LOG] [Fast Refresh] done in 64ms @ webpack-internal:///(app-pages-browser)/./node_modules/next/dist/client/components/react-dev-overlay/app/hot-reloader-client.js:43
[  335083ms] [ERROR] Failed to load resource: the server responded with a status of 404 (Not Found) @ http://localhost:3000/api/agent/leads/queue:0
[  335085ms] [ERROR] Failed to load resource: the server responded with a status of 404 (Not Found) @ http://localhost:3000/api/agent/stats:0
[  335087ms] [ERROR] Failed to load resource: the server responded with a status of 404 (Not Found) @ http://localhost:3000/api/agent/queue:0
[  341223ms] [LOG] [Fast Refresh] rebuilding @ webpack-internal:///(app-pages-browser)/./node_modules/next/dist/client/components/react-dev-overlay/app/hot-reloader-client.js:186
[  341490ms] [LOG] [Fast Refresh] done in 267ms @ webpack-internal:///(app-pages-browser)/./node_modules/next/dist/client/components/react-dev-overlay/app/hot-reloader-client.js:43
[  374132ms] [LOG] [Fast Refresh] rebuilding @ webpack-internal:///(app-pages-browser)/./node_modules/next/dist/client/components/react-dev-overlay/app/hot-reloader-client.js:186
[  374430ms] [LOG] [Fast Refresh] done in 298ms @ webpack-internal:///(app-pages-browser)/./node_modules/next/dist/client/components/react-dev-overlay/app/hot-reloader-client.js:43
[  374719ms] [LOG] [Fast Refresh] rebuilding @ webpack-internal:///(app-pages-browser)/./node_modules/next/dist/client/components/react-dev-overlay/app/hot-reloader-client.js:186
[  374798ms] [LOG] [Fast Refresh] done in 79ms @ webpack-internal:///(app-pages-browser)/./node_modules/next/dist/client/components/react-dev-overlay/app/hot-reloader-client.js:43
[  390965ms] [ERROR] Failed to load resource: net::ERR_CONNECTION_REFUSED @ http://localhost:3000/api/presence/heartbeat:0
[  402284ms] [ERROR] Failed to load resource: net::ERR_CONNECTION_REFUSED @ http://localhost:3000/api/follow-ups:0
[  402298ms] TypeError: Failed to fetch
    at fetcher (webpack-internal:///(app-pages-browser)/./src/lib/swr-config.ts:6:24)
    at preload (webpack-internal:///(app-pages-browser)/./node_modules/swr/dist/_internal/index.mjs:95:17)
    at eval (webpack-internal:///(app-pages-browser)/./src/components/layout/AgentNavTabs.tsx:97:53)
    at onHover (webpack-internal:///(app-pages-browser)/./src/components/layout/AgentNavTabs.tsx:109:30)
    at onMouseEnter (webpack-internal:///(app-pages-browser)/./node_modules/next/dist/client/link.js:368:17)
    at HTMLUnknownElement.callCallback (webpack-internal:///(app-pages-browser)/./node_modules/next/dist/compiled/react-dom/cjs/react-dom.development.js:20565:14)
    at Object.invokeGuardedCallbackImpl (webpack-internal:///(app-pages-browser)/./node_modules/next/dist/compiled/react-dom/cjs/react-dom.development.js:20614:16)
    at invokeGuardedCallback (webpack-internal:///(app-pages-browser)/./node_modules/next/dist/compiled/react-dom/cjs/react-dom.development.js:20689:29)
    at invokeGuardedCallbackAndCatchFirstError (webpack-internal:///(app-pages-browser)/./node_modules/next/dist/compiled/react-dom/cjs/react-dom.development.js:20703:25)
    at executeDispatch (webpack-internal:///(app-pages-browser)/./node_modules/next/dist/compiled/react-dom/cjs/react-dom.development.js:32128:3)
    at processDispatchQueueItemsInOrder (webpack-internal:///(app-pages-browser)/./node_modules/next/dist/compiled/react-dom/cjs/react-dom.development.js:32160:7)
    at processDispatchQueue (webpack-internal:///(app-pages-browser)/./node_modules/next/dist/compiled/react-dom/cjs/react-dom.development.js:32173:5)
    at dispatchEventsForPlugins (webpack-internal:///(app-pages-browser)/./node_modules/next/dist/compiled/react-dom/cjs/react-dom.development.js:32184:3)
    at eval (webpack-internal:///(app-pages-browser)/./node_modules/next/dist/compiled/react-dom/cjs/react-dom.development.js:32374:12)
    at batchedUpdates$1 (webpack-internal:///(app-pages-browser)/./node_modules/next/dist/compiled/react-dom/cjs/react-dom.development.js:24953:12)
    at batchedUpdates (webpack-internal:///(app-pages-browser)/./node_modules/next/dist/compiled/react-dom/cjs/react-dom.development.js:28844:12)
    at dispatchEventForPluginEventSystem (webpack-internal:///(app-pages-browser)/./node_modules/next/dist/compiled/react-dom/cjs/react-dom.development.js:32373:3)
    at dispatchEvent (webpack-internal:///(app-pages-browser)/./node_modules/next/dist/compiled/react-dom/cjs/react-dom.development.js:30141:5)
    at dispatchContinuousEvent (webpack-internal:///(app-pages-browser)/./node_modules/next/dist/compiled/react-dom/cjs/react-dom.development.js:30126:5)
[  402311ms] [ERROR] Failed to load resource: net::ERR_CONNECTION_REFUSED @ http://localhost:3000/__nextjs_original-stack-frame?isServer=false&isEdgeServer=false&isAppDirectory=true&errorMessage=TypeError%3A+Failed+to+fetch&file=webpack-internal%3A%2F%2F%2F%28app-pages-browser%29%2F.%2Fsrc%2Flib%2Fswr-config.ts&methodName=fetcher&arguments=&lineNumber=6&column=24:0
[  402311ms] [ERROR] Failed to load resource: net::ERR_CONNECTION_REFUSED @ http://localhost:3000/__nextjs_original-stack-frame?isServer=false&isEdgeServer=false&isAppDirectory=true&errorMessage=TypeError%3A+Failed+to+fetch&file=webpack-internal%3A%2F%2F%2F%28app-pages-browser%29%2F.%2Fnode_modules%2Fswr%2Fdist%2F_internal%2Findex.mjs&methodName=preload&arguments=&lineNumber=95&column=17:0
[  402311ms] [ERROR] Failed to load resource: net::ERR_CONNECTION_REFUSED @ http://localhost:3000/__nextjs_original-stack-frame?isServer=false&isEdgeServer=false&isAppDirectory=true&errorMessage=TypeError%3A+Failed+to+fetch&file=webpack-internal%3A%2F%2F%2F%28app-pages-browser%29%2F.%2Fsrc%2Fcomponents%2Flayout%2FAgentNavTabs.tsx&methodName=eval&arguments=&lineNumber=97&column=53:0
[  402312ms] [ERROR] Failed to load resource: net::ERR_CONNECTION_REFUSED @ http://localhost:3000/__nextjs_original-stack-frame?isServer=false&isEdgeServer=false&isAppDirectory=true&errorMessage=TypeError%3A+Failed+to+fetch&file=webpack-internal%3A%2F%2F%2F%28app-pages-browser%29%2F.%2Fsrc%2Fcomponents%2Flayout%2FAgentNavTabs.tsx&methodName=onHover&arguments=&lineNumber=109&column=30:0
[  402312ms] [ERROR] Failed to load resource: net::ERR_CONNECTION_REFUSED @ http://localhost:3000/__nextjs_original-stack-frame?isServer=false&isEdgeServer=false&isAppDirectory=true&errorMessage=TypeError%3A+Failed+to+fetch&file=webpack-internal%3A%2F%2F%2F%28app-pages-browser%29%2F.%2Fnode_modules%2Fnext%2Fdist%2Fclient%2Flink.js&methodName=onMouseEnter&arguments=&lineNumber=368&column=17:0
[  402312ms] [ERROR] Failed to load resource: net::ERR_CONNECTION_REFUSED @ http://localhost:3000/__nextjs_original-stack-frame?isServer=false&isEdgeServer=false&isAppDirectory=true&errorMessage=TypeError%3A+Failed+to+fetch&file=webpack-internal%3A%2F%2F%2F%28app-pages-browser%29%2F.%2Fnode_modules%2Fnext%2Fdist%2Fcompiled%2Freact-dom%2Fcjs%2Freact-dom.development.js&methodName=HTMLUnknownElement.callCallback&arguments=&lineNumber=20565&column=14:0
[  402312ms] [ERROR] Failed to load resource: net::ERR_CONNECTION_REFUSED @ http://localhost:3000/__nextjs_original-stack-frame?isServer=false&isEdgeServer=false&isAppDirectory=true&errorMessage=TypeError%3A+Failed+to+fetch&file=webpack-internal%3A%2F%2F%2F%28app-pages-browser%29%2F.%2Fnode_modules%2Fnext%2Fdist%2Fcompiled%2Freact-dom%2Fcjs%2Freact-dom.development.js&methodName=Object.invokeGuardedCallbackImpl&arguments=&lineNumber=20614&column=16:0
[  402312ms] [ERROR] Failed to load resource: net::ERR_CONNECTION_REFUSED @ http://localhost:3000/__nextjs_original-stack-frame?isServer=false&isEdgeServer=false&isAppDirectory=true&errorMessage=TypeError%3A+Failed+to+fetch&file=webpack-internal%3A%2F%2F%2F%28app-pages-browser%29%2F.%2Fnode_modules%2Fnext%2Fdist%2Fcompiled%2Freact-dom%2Fcjs%2Freact-dom.development.js&methodName=invokeGuardedCallback&arguments=&lineNumber=20689&column=29:0
[  402312ms] [ERROR] Failed to load resource: net::ERR_CONNECTION_REFUSED @ http://localhost:3000/__nextjs_original-stack-frame?isServer=false&isEdgeServer=false&isAppDirectory=true&errorMessage=TypeError%3A+Failed+to+fetch&file=webpack-internal%3A%2F%2F%2F%28app-pages-browser%29%2F.%2Fnode_modules%2Fnext%2Fdist%2Fcompiled%2Freact-dom%2Fcjs%2Freact-dom.development.js&methodName=invokeGuardedCallbackAndCatchFirstError&arguments=&lineNumber=20703&column=25:0
[  402312ms] [ERROR] Failed to load resource: net::ERR_CONNECTION_REFUSED @ http://localhost:3000/__nextjs_original-stack-frame?isServer=false&isEdgeServer=false&isAppDirectory=true&errorMessage=TypeError%3A+Failed+to+fetch&file=webpack-internal%3A%2F%2F%2F%28app-pages-browser%29%2F.%2Fnode_modules%2Fnext%2Fdist%2Fcompiled%2Freact-dom%2Fcjs%2Freact-dom.development.js&methodName=executeDispatch&arguments=&lineNumber=32128&column=3:0
[  402312ms] [ERROR] Failed to load resource: net::ERR_CONNECTION_REFUSED @ http://localhost:3000/__nextjs_original-stack-frame?isServer=false&isEdgeServer=false&isAppDirectory=true&errorMessage=TypeError%3A+Failed+to+fetch&file=webpack-internal%3A%2F%2F%2F%28app-pages-browser%29%2F.%2Fnode_modules%2Fnext%2Fdist%2Fcompiled%2Freact-dom%2Fcjs%2Freact-dom.development.js&methodName=processDispatchQueueItemsInOrder&arguments=&lineNumber=32160&column=7:0
[  402312ms] [ERROR] Failed to load resource: net::ERR_CONNECTION_REFUSED @ http://localhost:3000/__nextjs_original-stack-frame?isServer=false&isEdgeServer=false&isAppDirectory=true&errorMessage=TypeError%3A+Failed+to+fetch&file=webpack-internal%3A%2F%2F%2F%28app-pages-browser%29%2F.%2Fnode_modules%2Fnext%2Fdist%2Fcompiled%2Freact-dom%2Fcjs%2Freact-dom.development.js&methodName=processDispatchQueue&arguments=&lineNumber=32173&column=5:0
[  402313ms] [ERROR] Failed to load resource: net::ERR_CONNECTION_REFUSED @ http://localhost:3000/__nextjs_original-stack-frame?isServer=false&isEdgeServer=false&isAppDirectory=true&errorMessage=TypeError%3A+Failed+to+fetch&file=webpack-internal%3A%2F%2F%2F%28app-pages-browser%29%2F.%2Fnode_modules%2Fnext%2Fdist%2Fcompiled%2Freact-dom%2Fcjs%2Freact-dom.development.js&methodName=dispatchEventsForPlugins&arguments=&lineNumber=32184&column=3:0
[  402313ms] [ERROR] Failed to load resource: net::ERR_CONNECTION_REFUSED @ http://localhost:3000/__nextjs_original-stack-frame?isServer=false&isEdgeServer=false&isAppDirectory=true&errorMessage=TypeError%3A+Failed+to+fetch&file=webpack-internal%3A%2F%2F%2F%28app-pages-browser%29%2F.%2Fnode_modules%2Fnext%2Fdist%2Fcompiled%2Freact-dom%2Fcjs%2Freact-dom.development.js&methodName=eval&arguments=&lineNumber=32374&column=12:0
[  402313ms] [ERROR] Failed to load resource: net::ERR_CONNECTION_REFUSED @ http://localhost:3000/__nextjs_original-stack-frame?isServer=false&isEdgeServer=false&isAppDirectory=true&errorMessage=TypeError%3A+Failed+to+fetch&file=webpack-internal%3A%2F%2F%2F%28app-pages-browser%29%2F.%2Fnode_modules%2Fnext%2Fdist%2Fcompiled%2Freact-dom%2Fcjs%2Freact-dom.development.js&methodName=batchedUpdates%241&arguments=&lineNumber=24953&column=12:0
[  402313ms] [ERROR] Failed to load resource: net::ERR_CONNECTION_REFUSED @ http://localhost:3000/__nextjs_original-stack-frame?isServer=false&isEdgeServer=false&isAppDirectory=true&errorMessage=TypeError%3A+Failed+to+fetch&file=webpack-internal%3A%2F%2F%2F%28app-pages-browser%29%2F.%2Fnode_modules%2Fnext%2Fdist%2Fcompiled%2Freact-dom%2Fcjs%2Freact-dom.development.js&methodName=batchedUpdates&arguments=&lineNumber=28844&column=12:0
[  402313ms] [ERROR] Failed to load resource: net::ERR_CONNECTION_REFUSED @ http://localhost:3000/__nextjs_original-stack-frame?isServer=false&isEdgeServer=false&isAppDirectory=true&errorMessage=TypeError%3A+Failed+to+fetch&file=webpack-internal%3A%2F%2F%2F%28app-pages-browser%29%2F.%2Fnode_modules%2Fnext%2Fdist%2Fcompiled%2Freact-dom%2Fcjs%2Freact-dom.development.js&methodName=dispatchEventForPluginEventSystem&arguments=&lineNumber=32373&column=3:0
[  402313ms] [ERROR] Failed to load resource: net::ERR_CONNECTION_REFUSED @ http://localhost:3000/__nextjs_original-stack-frame?isServer=false&isEdgeServer=false&isAppDirectory=true&errorMessage=TypeError%3A+Failed+to+fetch&file=webpack-internal%3A%2F%2F%2F%28app-pages-browser%29%2F.%2Fnode_modules%2Fnext%2Fdist%2Fcompiled%2Freact-dom%2Fcjs%2Freact-dom.development.js&methodName=dispatchEvent&arguments=&lineNumber=30141&column=5:0
[  402314ms] [ERROR] Failed to load resource: net::ERR_CONNECTION_REFUSED @ http://localhost:3000/__nextjs_original-stack-frame?isServer=false&isEdgeServer=false&isAppDirectory=true&errorMessage=TypeError%3A+Failed+to+fetch&file=webpack-internal%3A%2F%2F%2F%28app-pages-browser%29%2F.%2Fnode_modules%2Fnext%2Fdist%2Fcompiled%2Freact-dom%2Fcjs%2Freact-dom.development.js&methodName=dispatchContinuousEvent&arguments=&lineNumber=30126&column=5:0
[  402314ms] [ERROR] Failed to load resource: net::ERR_CONNECTION_REFUSED @ http://localhost:3000/__nextjs_original-stack-frame?isServer=false&isEdgeServer=false&isAppDirectory=true&errorMessage=TypeError%3A+Failed+to+fetch&file=webpack-internal%3A%2F%2F%2F%28app-pages-browser%29%2F.%2Fsrc%2Flib%2Fswr-config.ts&methodName=fetcher&arguments=&lineNumber=6&column=24:0
[  402314ms] [ERROR] Failed to load resource: net::ERR_CONNECTION_REFUSED @ http://localhost:3000/__nextjs_original-stack-frame?isServer=false&isEdgeServer=false&isAppDirectory=true&errorMessage=TypeError%3A+Failed+to+fetch&file=webpack-internal%3A%2F%2F%2F%28app-pages-browser%29%2F.%2Fnode_modules%2Fswr%2Fdist%2F_internal%2Findex.mjs&methodName=preload&arguments=&lineNumber=95&column=17:0
[  402314ms] [ERROR] Failed to load resource: net::ERR_CONNECTION_REFUSED @ http://localhost:3000/__nextjs_original-stack-frame?isServer=false&isEdgeServer=false&isAppDirectory=true&errorMessage=TypeError%3A+Failed+to+fetch&file=webpack-internal%3A%2F%2F%2F%28app-pages-browser%29%2F.%2Fsrc%2Fcomponents%2Flayout%2FAgentNavTabs.tsx&methodName=eval&arguments=&lineNumber=97&column=53:0
[  402315ms] [ERROR] Failed to load resource: net::ERR_CONNECTION_REFUSED @ http://localhost:3000/__nextjs_original-stack-frame?isServer=false&isEdgeServer=false&isAppDirectory=true&errorMessage=TypeError%3A+Failed+to+fetch&file=webpack-internal%3A%2F%2F%2F%28app-pages-browser%29%2F.%2Fsrc%2Fcomponents%2Flayout%2FAgentNavTabs.tsx&methodName=onHover&arguments=&lineNumber=109&column=30:0
[  402316ms] [ERROR] Failed to load resource: net::ERR_CONNECTION_REFUSED @ http://localhost:3000/__nextjs_original-stack-frame?isServer=false&isEdgeServer=false&isAppDirectory=true&errorMessage=TypeError%3A+Failed+to+fetch&file=webpack-internal%3A%2F%2F%2F%28app-pages-browser%29%2F.%2Fnode_modules%2Fnext%2Fdist%2Fclient%2Flink.js&methodName=onMouseEnter&arguments=&lineNumber=368&column=17:0
[  402316ms] [ERROR] Failed to load resource: net::ERR_CONNECTION_REFUSED @ http://localhost:3000/__nextjs_original-stack-frame?isServer=false&isEdgeServer=false&isAppDirectory=true&errorMessage=TypeError%3A+Failed+to+fetch&file=webpack-internal%3A%2F%2F%2F%28app-pages-browser%29%2F.%2Fnode_modules%2Fnext%2Fdist%2Fcompiled%2Freact-dom%2Fcjs%2Freact-dom.development.js&methodName=HTMLUnknownElement.callCallback&arguments=&lineNumber=20565&column=14:0
[  402316ms] [ERROR] Failed to load resource: net::ERR_CONNECTION_REFUSED @ http://localhost:3000/__nextjs_original-stack-frame?isServer=false&isEdgeServer=false&isAppDirectory=true&errorMessage=TypeError%3A+Failed+to+fetch&file=webpack-internal%3A%2F%2F%2F%28app-pages-browser%29%2F.%2Fnode_modules%2Fnext%2Fdist%2Fcompiled%2Freact-dom%2Fcjs%2Freact-dom.development.js&methodName=Object.invokeGuardedCallbackImpl&arguments=&lineNumber=20614&column=16:0
[  402317ms] [ERROR] Failed to load resource: net::ERR_CONNECTION_REFUSED @ http://localhost:3000/__nextjs_original-stack-frame?isServer=false&isEdgeServer=false&isAppDirectory=true&errorMessage=TypeError%3A+Failed+to+fetch&file=webpack-internal%3A%2F%2F%2F%28app-pages-browser%29%2F.%2Fnode_modules%2Fnext%2Fdist%2Fcompiled%2Freact-dom%2Fcjs%2Freact-dom.development.js&methodName=invokeGuardedCallback&arguments=&lineNumber=20689&column=29:0
[  402317ms] [ERROR] Failed to load resource: net::ERR_CONNECTION_REFUSED @ http://localhost:3000/__nextjs_original-stack-frame?isServer=false&isEdgeServer=false&isAppDirectory=true&errorMessage=TypeError%3A+Failed+to+fetch&file=webpack-internal%3A%2F%2F%2F%28app-pages-browser%29%2F.%2Fnode_modules%2Fnext%2Fdist%2Fcompiled%2Freact-dom%2Fcjs%2Freact-dom.development.js&methodName=invokeGuardedCallbackAndCatchFirstError&arguments=&lineNumber=20703&column=25:0
[  402317ms] [ERROR] Failed to load resource: net::ERR_CONNECTION_REFUSED @ http://localhost:3000/__nextjs_original-stack-frame?isServer=false&isEdgeServer=false&isAppDirectory=true&errorMessage=TypeError%3A+Failed+to+fetch&file=webpack-internal%3A%2F%2F%2F%28app-pages-browser%29%2F.%2Fnode_modules%2Fnext%2Fdist%2Fcompiled%2Freact-dom%2Fcjs%2Freact-dom.development.js&methodName=executeDispatch&arguments=&lineNumber=32128&column=3:0
[  402318ms] [ERROR] Failed to load resource: net::ERR_CONNECTION_REFUSED @ http://localhost:3000/__nextjs_original-stack-frame?isServer=false&isEdgeServer=false&isAppDirectory=true&errorMessage=TypeError%3A+Failed+to+fetch&file=webpack-internal%3A%2F%2F%2F%28app-pages-browser%29%2F.%2Fnode_modules%2Fnext%2Fdist%2Fcompiled%2Freact-dom%2Fcjs%2Freact-dom.development.js&methodName=processDispatchQueueItemsInOrder&arguments=&lineNumber=32160&column=7:0
[  402318ms] [ERROR] Failed to load resource: net::ERR_CONNECTION_REFUSED @ http://localhost:3000/__nextjs_original-stack-frame?isServer=false&isEdgeServer=false&isAppDirectory=true&errorMessage=TypeError%3A+Failed+to+fetch&file=webpack-internal%3A%2F%2F%2F%28app-pages-browser%29%2F.%2Fnode_modules%2Fnext%2Fdist%2Fcompiled%2Freact-dom%2Fcjs%2Freact-dom.development.js&methodName=processDispatchQueue&arguments=&lineNumber=32173&column=5:0
[  402318ms] [ERROR] Failed to load resource: net::ERR_CONNECTION_REFUSED @ http://localhost:3000/__nextjs_original-stack-frame?isServer=false&isEdgeServer=false&isAppDirectory=true&errorMessage=TypeError%3A+Failed+to+fetch&file=webpack-internal%3A%2F%2F%2F%28app-pages-browser%29%2F.%2Fnode_modules%2Fnext%2Fdist%2Fcompiled%2Freact-dom%2Fcjs%2Freact-dom.development.js&methodName=dispatchEventsForPlugins&arguments=&lineNumber=32184&column=3:0
[  402319ms] [ERROR] Failed to load resource: net::ERR_CONNECTION_REFUSED @ http://localhost:3000/__nextjs_original-stack-frame?isServer=false&isEdgeServer=false&isAppDirectory=true&errorMessage=TypeError%3A+Failed+to+fetch&file=webpack-internal%3A%2F%2F%2F%28app-pages-browser%29%2F.%2Fnode_modules%2Fnext%2Fdist%2Fcompiled%2Freact-dom%2Fcjs%2Freact-dom.development.js&methodName=eval&arguments=&lineNumber=32374&column=12:0
[  402319ms] [ERROR] Failed to load resource: net::ERR_CONNECTION_REFUSED @ http://localhost:3000/__nextjs_original-stack-frame?isServer=false&isEdgeServer=false&isAppDirectory=true&errorMessage=TypeError%3A+Failed+to+fetch&file=webpack-internal%3A%2F%2F%2F%28app-pages-browser%29%2F.%2Fnode_modules%2Fnext%2Fdist%2Fcompiled%2Freact-dom%2Fcjs%2Freact-dom.development.js&methodName=batchedUpdates%241&arguments=&lineNumber=24953&column=12:0
[  402319ms] [ERROR] Failed to load resource: net::ERR_CONNECTION_REFUSED @ http://localhost:3000/__nextjs_original-stack-frame?isServer=false&isEdgeServer=false&isAppDirectory=true&errorMessage=TypeError%3A+Failed+to+fetch&file=webpack-internal%3A%2F%2F%2F%28app-pages-browser%29%2F.%2Fnode_modules%2Fnext%2Fdist%2Fcompiled%2Freact-dom%2Fcjs%2Freact-dom.development.js&methodName=batchedUpdates&arguments=&lineNumber=28844&column=12:0
[  402320ms] [ERROR] Failed to load resource: net::ERR_CONNECTION_REFUSED @ http://localhost:3000/__nextjs_original-stack-frame?isServer=false&isEdgeServer=false&isAppDirectory=true&errorMessage=TypeError%3A+Failed+to+fetch&file=webpack-internal%3A%2F%2F%2F%28app-pages-browser%29%2F.%2Fnode_modules%2Fnext%2Fdist%2Fcompiled%2Freact-dom%2Fcjs%2Freact-dom.development.js&methodName=dispatchEventForPluginEventSystem&arguments=&lineNumber=32373&column=3:0
[  402320ms] [ERROR] Failed to load resource: net::ERR_CONNECTION_REFUSED @ http://localhost:3000/__nextjs_original-stack-frame?isServer=false&isEdgeServer=false&isAppDirectory=true&errorMessage=TypeError%3A+Failed+to+fetch&file=webpack-internal%3A%2F%2F%2F%28app-pages-browser%29%2F.%2Fnode_modules%2Fnext%2Fdist%2Fcompiled%2Freact-dom%2Fcjs%2Freact-dom.development.js&methodName=dispatchEvent&arguments=&lineNumber=30141&column=5:0
[  402320ms] [ERROR] Failed to load resource: net::ERR_CONNECTION_REFUSED @ http://localhost:3000/__nextjs_original-stack-frame?isServer=false&isEdgeServer=false&isAppDirectory=true&errorMessage=TypeError%3A+Failed+to+fetch&file=webpack-internal%3A%2F%2F%2F%28app-pages-browser%29%2F.%2Fnode_modules%2Fnext%2Fdist%2Fcompiled%2Freact-dom%2Fcjs%2Freact-dom.development.js&methodName=dispatchContinuousEvent&arguments=&lineNumber=30126&column=5:0
[  402538ms] [ERROR] Failed to load resource: net::ERR_CONNECTION_REFUSED @ http://localhost:3000/fr/follow-ups?_rsc=19lqy:0
[  402539ms] [ERROR] Failed to fetch RSC payload for http://localhost:3000/fr/follow-ups. Falling back to browser navigation. TypeError: Failed to fetch
    at fetchServerResponse (webpack-internal:///(app-pages-browser)/./node_modules/next/dist/client/components/router-reducer/fetch-server-response.js:58:27)
    at eval (webpack-internal:///(app-pages-browser)/./node_modules/next/dist/client/components/router-reducer/prefetch-cache-utils.js:136:106)
    at Object.task (webpack-internal:///(app-pages-browser)/./node_modules/next/dist/client/components/promise-queue.js:30:38)
    at PromiseQueue.processNext (webpack-internal:///(app-pages-browser)/./node_modules/next/dist/client/components/promise-queue.js:81:186)
    at PromiseQueue.enqueue (webpack-internal:///(app-pages-browser)/./node_modules/next/dist/client/components/promise-queue.js:45:76)
    at createLazyPrefetchEntry (webpack-internal:///(app-pages-browser)/./node_modules/next/dist/client/components/router-reducer/prefetch-cache-utils.js:136:49)
    at getOrCreatePrefetchCacheEntry (webpack-internal:///(app-pages-browser)/./node_modules/next/dist/client/components/router-reducer/prefetch-cache-utils.js:87:12)
    at navigateReducer_noPPR (webpack-internal:///(app-pages-browser)/./node_modules/next/dist/client/components/router-reducer/reducers/navigate-reducer.js:102:82)
    at clientReducer (webpack-internal:///(app-pages-browser)/./node_modules/next/dist/client/components/router-reducer/router-reducer.js:25:61)
    at Object.action (webpack-internal:///(app-pages-browser)/./node_modules/next/dist/shared/lib/router/action-queue.js:150:55)
    at runAction (webpack-internal:///(app-pages-browser)/./node_modules/next/dist/shared/lib/router/action-queue.js:56:38)
    at dispatchAction (webpack-internal:///(app-pages-browser)/./node_modules/next/dist/shared/lib/router/action-queue.js:113:9)
    at Object.dispatch (webpack-internal:///(app-pages-browser)/./node_modules/next/dist/shared/lib/router/action-queue.js:145:40)
    at eval (webpack-internal:///(app-pages-browser)/./node_modules/next/dist/client/components/use-reducer-with-devtools.js:130:21)
    at eval (webpack-internal:///(app-pages-browser)/./node_modules/next/dist/client/components/app-router.js:159:16)
    at eval (webpack-internal:///(app-pages-browser)/./node_modules/next/dist/client/components/app-router.js:290:21)
    at startTransition (webpack-internal:///(app-pages-browser)/./node_modules/next/dist/compiled/react/cjs/react.development.js:2597:25)
    at Object.push (webpack-internal:///(app-pages-browser)/./node_modules/next/dist/client/components/app-router.js:288:44)
    at navigate (webpack-internal:///(app-pages-browser)/./node_modules/next/dist/client/link.js:94:49)
    at Object.startTransition (webpack-internal:///(app-pages-browser)/./node_modules/next/dist/compiled/react/cjs/react.development.js:2597:25)
    at linkClicked (webpack-internal:///(app-pages-browser)/./node_modules/next/dist/client/link.js:100:24)
    at onClick (webpack-internal:///(app-pages-browser)/./node_modules/next/dist/client/link.js:364:13)
    at HTMLUnknownElement.callCallback (webpack-internal:///(app-pages-browser)/./node_modules/next/dist/compiled/react-dom/cjs/react-dom.development.js:20565:14)
    at Object.invokeGuardedCallbackImpl (webpack-internal:///(app-pages-browser)/./node_modules/next/dist/compiled/react-dom/cjs/react-dom.development.js:20614:16)
    at invokeGuardedCallback (webpack-internal:///(app-pages-browser)/./node_modules/next/dist/compiled/react-dom/cjs/react-dom.development.js:20689:29)
    at invokeGuardedCallbackAndCatchFirstError (webpack-internal:///(app-pages-browser)/./node_modules/next/dist/compiled/react-dom/cjs/react-dom.development.js:20703:25)
    at executeDispatch (webpack-internal:///(app-pages-browser)/./node_modules/next/dist/compiled/react-dom/cjs/react-dom.development.js:32128:3)
    at processDispatchQueueItemsInOrder (webpack-internal:///(app-pages-browser)/./node_modules/next/dist/compiled/react-dom/cjs/react-dom.development.js:32160:7)
    at processDispatchQueue (webpack-internal:///(app-pages-browser)/./node_modules/next/dist/compiled/react-dom/cjs/react-dom.development.js:32173:5)
    at dispatchEventsForPlugins (webpack-internal:///(app-pages-browser)/./node_modules/next/dist/compiled/react-dom/cjs/react-dom.development.js:32184:3)
    at eval (webpack-internal:///(app-pages-browser)/./node_modules/next/dist/compiled/react-dom/cjs/react-dom.development.js:32374:12)
    at batchedUpdates$1 (webpack-internal:///(app-pages-browser)/./node_modules/next/dist/compiled/react-dom/cjs/react-dom.development.js:24953:12)
    at batchedUpdates (webpack-internal:///(app-pages-browser)/./node_modules/next/dist/compiled/react-dom/cjs/react-dom.development.js:28844:12)
    at dispatchEventForPluginEventSystem (webpack-internal:///(app-pages-browser)/./node_modules/next/dist/compiled/react-dom/cjs/react-dom.development.js:32373:3)
    at dispatchEvent (webpack-internal:///(app-pages-browser)/./node_modules/next/dist/compiled/react-dom/cjs/react-dom.development.js:30141:5)
    at dispatchDiscreteEvent (webpack-internal:///(app-pages-browser)/./node_modules/next/dist/compiled/react-dom/cjs/react-dom.development.js:30112:5) @ webpack-internal:///(app-pages-browser)/./node_modules/next/dist/client/app-index.js:32
