[   24088ms] [ERROR] Failed to load resource: the server responded with a status of 500 (Internal Server Error) @ http://localhost:3000/fr/dashboard:0
[   24411ms] [INFO] %cDownload the React DevTools for a better development experience: https://reactjs.org/link/react-devtools font-weight:bold @ webpack-internal:///./node_modules/react-dom/cjs/react-dom.development.js:29889
[   24474ms] Error: Cannot find module './vendor-chunks/lucide-react.js'
Require stack:
- /Users/firaskarchoud/Documents/ORDER MANAGMENT SYSTEM/oms/.next/server/webpack-runtime.js
- /Users/firaskarchoud/Documents/ORDER MANAGMENT SYSTEM/oms/.next/server/app/_not-found/page.js
- /Users/firaskarchoud/Documents/ORDER MANAGMENT SYSTEM/oms/node_modules/next/dist/server/require.js
- /Users/firaskarchoud/Documents/ORDER MANAGMENT SYSTEM/oms/node_modules/next/dist/server/load-components.js
- /Users/firaskarchoud/Documents/ORDER MANAGMENT SYSTEM/oms/node_modules/next/dist/build/utils.js
- /Users/firaskarchoud/Documents/ORDER MANAGMENT SYSTEM/oms/node_modules/next/dist/server/dev/hot-middleware.js
- /Users/firaskarchoud/Documents/ORDER MANAGMENT SYSTEM/oms/node_modules/next/dist/server/dev/hot-reloader-webpack.js
- /Users/firaskarchoud/Documents/ORDER MANAGMENT SYSTEM/oms/node_modules/next/dist/server/lib/router-utils/setup-dev-bundler.js
- /Users/firaskarchoud/Documents/ORDER MANAGMENT SYSTEM/oms/node_modules/next/dist/server/lib/router-server.js
- /Users/firaskarchoud/Documents/ORDER MANAGMENT SYSTEM/oms/node_modules/next/dist/server/lib/start-server.js
    at Function.<anonymous> (node:internal/modules/cjs/loader:1401:15)
    at <unknown> (file:///Users/firaskarchoud/Documents/ORDER MANAGMENT SYSTEM/oms/node_modules/next/dist/server/require-hook.js:55:36)
    at defaultResolveImpl (node:internal/modules/cjs/loader:1057:19)
    at resolveForCJSWithHooks (node:internal/modules/cjs/loader:1062:22)
    at Function._load (node:internal/modules/cjs/loader:1211:37)
    at TracingChannel.traceSync (node:diagnostics_channel:322:14)
    at wrapModuleLoad (node:internal/modules/cjs/loader:235:24)
    at Module.<anonymous> (node:internal/modules/cjs/loader:1487:12)
    at mod.require (file:///Users/firaskarchoud/Documents/ORDER MANAGMENT SYSTEM/oms/node_modules/next/dist/server/require-hook.js:65:28)
    at require (node:internal/modules/helpers:135:16)
    at __webpack_require__.f.require (file:///Users/firaskarchoud/Documents/ORDER MANAGMENT SYSTEM/oms/.next/server/webpack-runtime.js:198:28)
    at <unknown> (file:///Users/firaskarchoud/Documents/ORDER MANAGMENT SYSTEM/oms/.next/server/webpack-runtime.js:111:40)
    at Array.reduce (<anonymous>)
    at __webpack_require__.e (file:///Users/firaskarchoud/Documents/ORDER MANAGMENT SYSTEM/oms/.next/server/webpack-runtime.js:110:67)
    at Array.map (<anonymous>)
    at __webpack_require__.X (file:///Users/firaskarchoud/Documents/ORDER MANAGMENT SYSTEM/oms/.next/server/webpack-runtime.js:162:22)
    at <unknown> (file:///Users/firaskarchoud/Documents/ORDER MANAGMENT SYSTEM/oms/.next/server/app/[locale]/(dashboard)/dashboard/page.js:1292:47)
    at Object.<anonymous> (file:///Users/firaskarchoud/Documents/ORDER MANAGMENT SYSTEM/oms/.next/server/app/[locale]/(dashboard)/dashboard/page.js:1295:3)
    at Module._compile (node:internal/modules/cjs/loader:1730:14)
    at Object..js (node:internal/modules/cjs/loader:1895:10)
    at Module.load (node:internal/modules/cjs/loader:1465:32)
    at Function._load (node:internal/modules/cjs/loader:1282:12)
    at TracingChannel.traceSync (node:diagnostics_channel:322:14)
    at wrapModuleLoad (node:internal/modules/cjs/loader:235:24)
    at Module.<anonymous> (node:internal/modules/cjs/loader:1487:12)
    at mod.require (file:///Users/firaskarchoud/Documents/ORDER MANAGMENT SYSTEM/oms/node_modules/next/dist/server/require-hook.js:65:28)
    at require (node:internal/modules/helpers:135:16)
    at requirePage (file:///Users/firaskarchoud/Documents/ORDER MANAGMENT SYSTEM/oms/node_modules/next/dist/server/require.js:109:84)
    at <unknown> (file:///Users/firaskarchoud/Documents/ORDER MANAGMENT SYSTEM/oms/node_modules/next/dist/server/load-components.js:103:84)
    at async loadComponentsImpl (file:///Users/firaskarchoud/Documents/ORDER MANAGMENT SYSTEM/oms/node_modules/next/dist/server/load-components.js:103:26)
    at async DevServer.findPageComponentsImpl (file:///Users/firaskarchoud/Documents/ORDER MANAGMENT SYSTEM/oms/node_modules/next/dist/server/next-server.js:714:36)
    at async DevServer.findPageComponents (file:///Users/firaskarchoud/Documents/ORDER MANAGMENT SYSTEM/oms/node_modules/next/dist/server/dev/next-dev-server.js:577:20)
    at async DevServer.renderPageComponent (file:///Users/firaskarchoud/Documents/ORDER MANAGMENT SYSTEM/oms/node_modules/next/dist/server/base-server.js:1910:24)
    at async DevServer.renderToResponseImpl (file:///Users/firaskarchoud/Documents/ORDER MANAGMENT SYSTEM/oms/node_modules/next/dist/server/base-server.js:1962:32)
    at async DevServer.pipeImpl (file:///Users/firaskarchoud/Documents/ORDER MANAGMENT SYSTEM/oms/node_modules/next/dist/server/base-server.js:922:25)
    at async NextNodeServer.handleCatchallRenderRequest (file:///Users/firaskarchoud/Documents/ORDER MANAGMENT SYSTEM/oms/node_modules/next/dist/server/next-server.js:272:17)
    at async DevServer.handleRequestImpl (file:///Users/firaskarchoud/Documents/ORDER MANAGMENT SYSTEM/oms/node_modules/next/dist/server/base-server.js:818:17)
    at async (file:///Users/firaskarchoud/Documents/ORDER MANAGMENT SYSTEM/oms/node_modules/next/dist/server/dev/next-dev-server.js:339:20)
    at async Span.traceAsyncFn (file:///Users/firaskarchoud/Documents/ORDER MANAGMENT SYSTEM/oms/node_modules/next/dist/trace/trace.js:154:20)
    at async DevServer.handleRequest (file:///Users/firaskarchoud/Documents/ORDER MANAGMENT SYSTEM/oms/node_modules/next/dist/server/dev/next-dev-server.js:336:24)
    at async invokeRender (file:///Users/firaskarchoud/Documents/ORDER MANAGMENT SYSTEM/oms/node_modules/next/dist/server/lib/router-server.js:178:21)
    at async handleRequest (file:///Users/firaskarchoud/Documents/ORDER MANAGMENT SYSTEM/oms/node_modules/next/dist/server/lib/router-server.js:355:24)
    at async requestHandlerImpl (file:///Users/firaskarchoud/Documents/ORDER MANAGMENT SYSTEM/oms/node_modules/next/dist/server/lib/router-server.js:379:13)
    at async Server.requestListener (file:///Users/firaskarchoud/Documents/ORDER MANAGMENT SYSTEM/oms/node_modules/next/dist/server/lib/start-server.js:141:13)
[   24473ms] [LOG] [HMR] connected @ webpack-internal:///./node_modules/next/dist/client/components/react-dev-overlay/pages/websocket.js:38
[   24482ms] [ERROR] Failed to load resource: the server responded with a status of 404 (Not Found) @ http://localhost:3000/favicon.ico:0
